uvicorn : INFO:     Started server process [42500]
At line:1 char:1
+ uvicorn app.main:app --port 8000 --log-level 
debug 2>&1 | Tee-Object  ...
+ ~~~~~~~~~~~~~~~~~~~~~~~~~~~~~~~~~~~~~~~~~~~~~~~~~
~~~~~~
    + CategoryInfo          : NotSpecified: (INFO: 
        Started server process [42500]:String) []  
  , RemoteException
    + FullyQualifiedErrorId : NativeCommandError
 
INFO:     Waiting for application startup.
INFO:     Application startup complete.
INFO:     Uvicorn running on http://127.0.0.1:8000 
(Press CTRL+C to quit)
INFO:     127.0.0.1:61439 - "GET /api/friend-requests?email=shresthajeshmin30@gmail.com HTTP/1.1" 200 OK
[PDFExtractor] PyMuPDF: 8475 chars
INFO:     127.0.0.1:64896 - "POST /api/upload HTTP/1.1" 200 OK
INFO:     127.0.0.1:54917 - "GET /api/my-activity-summary?email=shresthajeshmin30@gmail.com&week_offset=0 HTTP/1.1" 200 OK
INFO:     127.0.0.1:55308 - "GET /api/my-activity-summary?email=shresthajeshmin30@gmail.com&week_offset=0 HTTP/1.1" 200 OK
INFO:     127.0.0.1:58666 - "GET /api/leaderboard?email=shresthajeshmin30@gmail.com&friends_only=false HTTP/1.1" 200 OK
INFO:     127.0.0.1:55308 - "GET /api/leaderboard?email=shresthajeshmin30@gmail.com&friends_only=false HTTP/1.1" 200 OK
INFO:     127.0.0.1:58128 - "GET /api/my-stats?email=shresthajeshmin30@gmail.com HTTP/1.1" 200 OK
INFO:     127.0.0.1:65139 - "GET /api/my-badges?email=shresthajeshmin30@gmail.com HTTP/1.1" 200 OK
INFO:     127.0.0.1:65139 - "GET /api/leaderboard?email=shresthajeshmin30@gmail.com&friends_only=false HTTP/1.1" 200 OK
INFO:     127.0.0.1:55308 - "GET /api/my-stats?email=shresthajeshmin30@gmail.com HTTP/1.1" 200 OK
INFO:     127.0.0.1:58666 - "GET /api/my-activity-summary?email=shresthajeshmin30@gmail.com&week_offset=0 HTTP/1.1" 200 OK
INFO:     127.0.0.1:58128 - "GET /api/my-badges?email=shresthajeshmin30@gmail.com HTTP/1.1" 200 OK
[PDFExtractor] PyMuPDF: 8475 chars
INFO:     127.0.0.1:52234 - "POST /api/upload HTTP/1.1" 200 OK
[Summarize] Running jeshmin mistral on doc_id=39 (8471 chars)à
INFO:     127.0.0.1:61533 - "GET /api/friend-requests?email=shresthajeshmin30@gmail.com HTTP/1.1" 200 OK
INFO:     127.0.0.1:50227 - "GET /api/friend-requests?email=shresthajeshmin30@gmail.com HTTP/1.1" 200 OK
INFO:     127.0.0.1:50227 - "GET /api/friend-requests?email=shresthajeshmin30@gmail.com HTTP/1.1" 200 OK
INFO:     127.0.0.1:55764 - "GET /api/friend-requests?email=shresthajeshmin30@gmail.com HTTP/1.1" 200 OK
INFO:     127.0.0.1:55842 - "GET /api/friend-requests?email=shresthajeshmin30@gmail.com HTTP/1.1" 200 OK
INFO:     127.0.0.1:49701 - "GET /api/friend-requests?email=shresthajeshmin30@gmail.com HTTP/1.1" 200 OK
INFO:     127.0.0.1:63322 - "GET /api/friend-requests?email=shresthajeshmin30@gmail.com HTTP/1.1" 200 OK
INFO:     127.0.0.1:51686 - "GET /api/friend-requests?email=shresthajeshmin30@gmail.com HTTP/1.1" 200 OK
INFO:     127.0.0.1:60580 - "GET /api/friend-requests?email=shresthajeshmin30@gmail.com HTTP/1.1" 200 OK
INFO:     127.0.0.1:64196 - "GET /api/my-summaries?email=shresthajeshmin30@gmail.com HTTP/1.1" 200 OK
INFO:     127.0.0.1:60580 - "GET /api/friend-requests?email=shresthajeshmin30@gmail.com HTTP/1.1" 200 OK
INFO:     127.0.0.1:64196 - "GET /api/my-summaries?email=shresthajeshmin30@gmail.com HTTP/1.1" 200 OK
INFO:     127.0.0.1:60580 - "GET /api/friend-requests?email=shresthajeshmin30@gmail.com HTTP/1.1" 200 OK
INFO:     127.0.0.1:56042 - "GET /api/my-summaries?email=shresthajeshmin30@gmail.com HTTP/1.1" 200 OK
INFO:     127.0.0.1:64196 - "GET /api/friend-requests?email=shresthajeshmin30@gmail.com HTTP/1.1" 200 OK
INFO:     127.0.0.1:64196 - "GET /api/friend-requests?email=shresthajeshmin30@gmail.com HTTP/1.1" 200 OK
INFO:     127.0.0.1:56042 - "GET /api/friend-requests?email=shresthajeshmin30@gmail.com HTTP/1.1" 200 OK
INFO:     127.0.0.1:60580 - "GET /api/my-summaries?email=shresthajeshmin30@gmail.com HTTP/1.1" 200 OK
INFO:     127.0.0.1:64196 - "GET /api/friend-requests?email=shresthajeshmin30@gmail.com HTTP/1.1" 200 OK
INFO:     127.0.0.1:56042 - "GET /api/my-summaries?email=shresthajeshmin30@gmail.com HTTP/1.1" 200 OK
INFO:     127.0.0.1:60580 - "GET /api/friend-requests?email=shresthajeshmin30@gmail.com HTTP/1.1" 200 OK
INFO:     127.0.0.1:64196 - "GET /api/my-summaries?email=shresthajeshmin30@gmail.com HTTP/1.1" 200 OK
INFO:     127.0.0.1:61404 - "OPTIONS /api/generate-video HTTP/1.1" 200 OK
INFO:     127.0.0.1:61404 - "POST /api/generate-video HTTP/1.1" 200 OK
INFO:     127.0.0.1:61404 - "GET /api/video-status/24 HTTP/1.1" 200 OK
ERROR:    Exception in ASGI application
Traceback (most recent call last):
  File "C:\Users\Admin\OneDrive - Islington 
College Pvt. 
Ltd\FYP\Proposal\Development\PadaiSathi 
Project\backend\app\main.py", line 431, in 
_run_video_pipeline
    video_path = generate_video(
                 ^^^^^^^^^^^^^^^
  File "C:\Users\Admin\OneDrive - Islington 
College Pvt. 
Ltd\FYP\Proposal\Development\PadaiSathi 
Project\backend\app\ai\video_generator.py", line 
328, in generate_video
    print(f"[VideoGen] \U0001f3ac Starting 
(theme={theme})")
  File "C:\Users\Admin\AppData\Local\Programs\Pytho
n\Python311\Lib\encodings\cp1252.py", line 19, in 
encode
    return codecs.charmap_encode(input,self.errors,
encoding_table)[0]
           ^^^^^^^^^^^^^^^^^^^^^^^^^^^^^^^^^^^^^^^^
^^^^^^^^^^^^^^^
UnicodeEncodeError: 'charmap' codec can't encode 
character '\U0001f3ac' in position 11: character 
maps to <undefined>

During handling of the above exception, another 
exception occurred:

Traceback (most recent call last):
  File "C:\Users\Admin\OneDrive - Islington 
College Pvt. 
Ltd\FYP\Proposal\Development\PadaiSathi Project\ven
v\Lib\site-packages\uvicorn\protocols\http\h11_impl
.py", line 408, in run_asgi
    result = await app(  # type: 
ignore[func-returns-value]
             
^^^^^^^^^^^^^^^^^^^^^^^^^^^^^^^^^^^^^^^^^^^^^^
  File "C:\Users\Admin\OneDrive - Islington 
College Pvt. 
Ltd\FYP\Proposal\Development\PadaiSathi Project\ven
v\Lib\site-packages\uvicorn\middleware\proxy_header
s.py", line 84, in __call__
    return await self.app(scope, receive, send)
           ^^^^^^^^^^^^^^^^^^^^^^^^^^^^^^^^^^^^
  File "C:\Users\Admin\OneDrive - Islington 
College Pvt. 
Ltd\FYP\Proposal\Development\PadaiSathi Project\ven
v\Lib\site-packages\fastapi\applications.py", line 
1106, in __call__
    await super().__call__(scope, receive, send)
  File "C:\Users\Admin\OneDrive - Islington 
College Pvt. 
Ltd\FYP\Proposal\Development\PadaiSathi Project\ven
v\Lib\site-packages\starlette\applications.py", 
line 122, in __call__
    await self.middleware_stack(scope, receive, 
send)
  File "C:\Users\Admin\OneDrive - Islington 
College Pvt. 
Ltd\FYP\Proposal\Development\PadaiSathi Project\ven
v\Lib\site-packages\starlette\middleware\errors.py"
, line 184, in __call__
    raise exc
  File "C:\Users\Admin\OneDrive - Islington 
College Pvt. 
Ltd\FYP\Proposal\Development\PadaiSathi Project\ven
v\Lib\site-packages\starlette\middleware\errors.py"
, line 162, in __call__
    await self.app(scope, receive, _send)
  File "C:\Users\Admin\OneDrive - Islington 
College Pvt. 
Ltd\FYP\Proposal\Development\PadaiSathi Project\ven
v\Lib\site-packages\starlette\middleware\cors.py", 
line 91, in __call__
    await self.simple_response(scope, receive, 
send, request_headers=headers)
  File "C:\Users\Admin\OneDrive - Islington 
College Pvt. 
Ltd\FYP\Proposal\Development\PadaiSathi Project\ven
v\Lib\site-packages\starlette\middleware\cors.py", 
line 146, in simple_response
    await self.app(scope, receive, send)
  File "C:\Users\Admin\OneDrive - Islington 
College Pvt. 
Ltd\FYP\Proposal\Development\PadaiSathi Project\ven
v\Lib\site-packages\starlette\middleware\sessions.p
y", line 86, in __call__
    await self.app(scope, receive, send_wrapper)
  File "C:\Users\Admin\OneDrive - Islington 
College Pvt. 
Ltd\FYP\Proposal\Development\PadaiSathi Project\ven
v\Lib\site-packages\starlette\middleware\exceptions
.py", line 79, in __call__
    raise exc
  File "C:\Users\Admin\OneDrive - Islington 
College Pvt. 
Ltd\FYP\Proposal\Development\PadaiSathi Project\ven
v\Lib\site-packages\starlette\middleware\exceptions
.py", line 68, in __call__
    await self.app(scope, receive, sender)
  File "C:\Users\Admin\OneDrive - Islington 
College Pvt. 
Ltd\FYP\Proposal\Development\PadaiSathi Project\ven
v\Lib\site-packages\fastapi\middleware\asyncexitsta
ck.py", line 20, in __call__
    raise e
  File "C:\Users\Admin\OneDrive - Islington 
College Pvt. 
Ltd\FYP\Proposal\Development\PadaiSathi Project\ven
v\Lib\site-packages\fastapi\middleware\asyncexitsta
ck.py", line 17, in __call__
    await self.app(scope, receive, send)
  File "C:\Users\Admin\OneDrive - Islington 
College Pvt. 
Ltd\FYP\Proposal\Development\PadaiSathi Project\ven
v\Lib\site-packages\starlette\routing.py", line 
718, in __call__
    await route.handle(scope, receive, send)
  File "C:\Users\Admin\OneDrive - Islington 
College Pvt. 
Ltd\FYP\Proposal\Development\PadaiSathi Project\ven
v\Lib\site-packages\starlette\routing.py", line 
276, in handle
    await self.app(scope, receive, send)
  File "C:\Users\Admin\OneDrive - Islington 
College Pvt. 
Ltd\FYP\Proposal\Development\PadaiSathi Project\ven
v\Lib\site-packages\starlette\routing.py", line 
69, in app
    await response(scope, receive, send)
  File "C:\Users\Admin\OneDrive - Islington 
College Pvt. 
Ltd\FYP\Proposal\Development\PadaiSathi Project\ven
v\Lib\site-packages\starlette\responses.py", line 
174, in __call__
    await self.background()
  File "C:\Users\Admin\OneDrive - Islington 
College Pvt. 
Ltd\FYP\Proposal\Development\PadaiSathi Project\ven
v\Lib\site-packages\starlette\background.py", line 
43, in __call__
    await task()
  File "C:\Users\Admin\OneDrive - Islington 
College Pvt. 
Ltd\FYP\Proposal\Development\PadaiSathi Project\ven
v\Lib\site-packages\starlette\background.py", line 
28, in __call__
    await run_in_threadpool(self.func, *self.args, 
**self.kwargs)
  File "C:\Users\Admin\OneDrive - Islington 
College Pvt. 
Ltd\FYP\Proposal\Development\PadaiSathi Project\ven
v\Lib\site-packages\starlette\concurrency.py", 
line 41, in run_in_threadpool
    return await anyio.to_thread.run_sync(func, 
*args)
           
^^^^^^^^^^^^^^^^^^^^^^^^^^^^^^^^^^^^^^^^^^^
  File "C:\Users\Admin\OneDrive - Islington 
College Pvt. 
Ltd\FYP\Proposal\Development\PadaiSathi Project\ven
v\Lib\site-packages\anyio\to_thread.py", line 33, 
in run_sync
    return await 
get_asynclib().run_sync_in_worker_thread(
           
^^^^^^^^^^^^^^^^^^^^^^^^^^^^^^^^^^^^^^^^^^^^^^^
  File "C:\Users\Admin\OneDrive - Islington 
College Pvt. 
Ltd\FYP\Proposal\Development\PadaiSathi Project\ven
v\Lib\site-packages\anyio\_backends\_asyncio.py", 
line 877, in run_sync_in_worker_thread
    return await future
           ^^^^^^^^^^^^
  File "C:\Users\Admin\OneDrive - Islington 
College Pvt. 
Ltd\FYP\Proposal\Development\PadaiSathi Project\ven
v\Lib\site-packages\anyio\_backends\_asyncio.py", 
line 807, in run
    result = context.run(func, *args)
             ^^^^^^^^^^^^^^^^^^^^^^^^
  File "C:\Users\Admin\OneDrive - Islington 
College Pvt. 
Ltd\FYP\Proposal\Development\PadaiSathi 
Project\backend\app\main.py", line 465, in 
_run_video_pipeline
    print(f"[VideoGen] \u274c Failed: {e}")
  File "C:\Users\Admin\AppData\Local\Programs\Pytho
n\Python311\Lib\encodings\cp1252.py", line 19, in 
encode
    return codecs.charmap_encode(input,self.errors,
encoding_table)[0]
           ^^^^^^^^^^^^^^^^^^^^^^^^^^^^^^^^^^^^^^^^
^^^^^^^^^^^^^^^
UnicodeEncodeError: 'charmap' codec can't encode 
character '\u274c' in position 11: character maps 
to <undefined>
INFO:     127.0.0.1:52234 - "POST /api/summarize HTTP/1.1" 500 Internal Server Error
INFO:     127.0.0.1:53200 - "GET /api/friend-requests?email=shresthajeshmin30@gmail.com HTTP/1.1" 200 OK
INFO:     127.0.0.1:49717 - "GET /api/friend-requests?email=shresthajeshmin30@gmail.com HTTP/1.1" 200 OK
INFO:     127.0.0.1:63323 - "GET /api/friend-requests?email=shresthajeshmin30@gmail.com HTTP/1.1" 200 OK
INFO:     127.0.0.1:53291 - "GET /api/friend-requests?email=shresthajeshmin30@gmail.com HTTP/1.1" 200 OK
INFO:     127.0.0.1:60176 - "GET /api/friend-requests?email=shresthajeshmin30@gmail.com HTTP/1.1" 200 OK
